Copyright 1986-2020 Xilinx, Inc. All Rights Reserved.
---------------------------------------------------------------------------------------------------------------------------------------
| Tool Version : Vivado v.2020.1 (win64) Build 2902540 Wed May 27 19:54:49 MDT 2020
| Date         : Sat Jun 10 13:53:02 2023
| Host         : LAPTOP-LC3M2DQ5 running 64-bit major release  (build 9200)
| Command      : report_drc -file design_1_wrapper_drc_opted.rpt -pb design_1_wrapper_drc_opted.pb -rpx design_1_wrapper_drc_opted.rpx
| Design       : design_1_wrapper
| Device       : xczu2cg-sfvc784-1-i
| Speed File   : -1
| Design State : Synthesized
---------------------------------------------------------------------------------------------------------------------------------------

Report DRC

Table of Contents
-----------------
1. REPORT SUMMARY
2. REPORT DETAILS

1. REPORT SUMMARY
-----------------
            Netlist: netlist
          Floorplan: design_1
      Design limits: <entire design considered>
           Ruledeck: default
             Max violations: <unlimited>
             Violations found: 17
+--------+----------+------------------------+------------+
| Rule   | Severity | Description            | Violations |
+--------+----------+------------------------+------------+
| DPIP-2 | Warning  | Input pipelining       | 3          |
| DPOP-3 | Warning  | PREG Output pipelining | 6          |
| DPOP-4 | Warning  | MREG Output pipelining | 8          |
+--------+----------+------------------------+------------+

2. REPORT DETAILS
-----------------
DPIP-2#1 Warning
Input pipelining  
DSP design_1_i/v_demosaic_0/inst/Debayer_U0/DebayerG_U0/add_ln497_1_reg_4431_reg input design_1_i/v_demosaic_0/inst/Debayer_U0/DebayerG_U0/add_ln497_1_reg_4431_reg/C[47:0] is not pipelined. Pipelining DSP48 input will improve performance.
Related violations: <none>

DPIP-2#2 Warning
Input pipelining  
DSP design_1_i/v_demosaic_0/inst/Debayer_U0/DebayerG_U0/add_ln497_reg_4426_reg input design_1_i/v_demosaic_0/inst/Debayer_U0/DebayerG_U0/add_ln497_reg_4426_reg/C[47:0] is not pipelined. Pipelining DSP48 input will improve performance.
Related violations: <none>

DPIP-2#3 Warning
Input pipelining  
DSP design_1_i/v_rgb2ycrcb_0/U0/rgb2ycrcb_top_inst/intcore/mult_aRG/reg/needs_delay.shift_register_reg[2] input design_1_i/v_rgb2ycrcb_0/U0/rgb2ycrcb_top_inst/intcore/mult_aRG/reg/needs_delay.shift_register_reg[2]/B[17:0] is not pipelined. Pipelining DSP48 input will improve performance.
Related violations: <none>

DPOP-3#1 Warning
PREG Output pipelining  
DSP design_1_i/v_demosaic_0/inst/Debayer_U0/DebayerG_U0/v_demosaic_mul_mug8j_U16/design_1_v_demosaic_0_0_v_demosaic_mul_mug8j_DSP48_0_U/p output design_1_i/v_demosaic_0/inst/Debayer_U0/DebayerG_U0/v_demosaic_mul_mug8j_U16/design_1_v_demosaic_0_0_v_demosaic_mul_mug8j_DSP48_0_U/p/P[47:0] is not pipelined (PREG=0). Pipelining the DSP48 output will improve performance and often saves power so it is suggested whenever possible to fully pipeline this function.  If this DSP48 function was inferred, it is suggested to describe an additional register stage after this function.  If the DSP48 was instantiated in the design, it is suggested to set the PREG attribute to 1.
Related violations: <none>

DPOP-3#2 Warning
PREG Output pipelining  
DSP design_1_i/v_demosaic_0/inst/Debayer_U0/DebayerG_U0/v_demosaic_mul_mug8j_U19/design_1_v_demosaic_0_0_v_demosaic_mul_mug8j_DSP48_0_U/p output design_1_i/v_demosaic_0/inst/Debayer_U0/DebayerG_U0/v_demosaic_mul_mug8j_U19/design_1_v_demosaic_0_0_v_demosaic_mul_mug8j_DSP48_0_U/p/P[47:0] is not pipelined (PREG=0). Pipelining the DSP48 output will improve performance and often saves power so it is suggested whenever possible to fully pipeline this function.  If this DSP48 function was inferred, it is suggested to describe an additional register stage after this function.  If the DSP48 was instantiated in the design, it is suggested to set the PREG attribute to 1.
Related violations: <none>

DPOP-3#3 Warning
PREG Output pipelining  
DSP design_1_i/v_demosaic_0/inst/Debayer_U0/DebayerG_U0/v_demosaic_mul_muhbi_U17/design_1_v_demosaic_0_0_v_demosaic_mul_muhbi_DSP48_1_U/p output design_1_i/v_demosaic_0/inst/Debayer_U0/DebayerG_U0/v_demosaic_mul_muhbi_U17/design_1_v_demosaic_0_0_v_demosaic_mul_muhbi_DSP48_1_U/p/P[47:0] is not pipelined (PREG=0). Pipelining the DSP48 output will improve performance and often saves power so it is suggested whenever possible to fully pipeline this function.  If this DSP48 function was inferred, it is suggested to describe an additional register stage after this function.  If the DSP48 was instantiated in the design, it is suggested to set the PREG attribute to 1.
Related violations: <none>

DPOP-3#4 Warning
PREG Output pipelining  
DSP design_1_i/v_demosaic_0/inst/Debayer_U0/DebayerG_U0/v_demosaic_mul_muhbi_U18/design_1_v_demosaic_0_0_v_demosaic_mul_muhbi_DSP48_1_U/p output design_1_i/v_demosaic_0/inst/Debayer_U0/DebayerG_U0/v_demosaic_mul_muhbi_U18/design_1_v_demosaic_0_0_v_demosaic_mul_muhbi_DSP48_1_U/p/P[47:0] is not pipelined (PREG=0). Pipelining the DSP48 output will improve performance and often saves power so it is suggested whenever possible to fully pipeline this function.  If this DSP48 function was inferred, it is suggested to describe an additional register stage after this function.  If the DSP48 was instantiated in the design, it is suggested to set the PREG attribute to 1.
Related violations: <none>

DPOP-3#5 Warning
PREG Output pipelining  
DSP design_1_i/v_demosaic_0/inst/Debayer_U0/DebayerG_U0/v_demosaic_mul_mujbC_U21/design_1_v_demosaic_0_0_v_demosaic_mul_mujbC_DSP48_3_U/p output design_1_i/v_demosaic_0/inst/Debayer_U0/DebayerG_U0/v_demosaic_mul_mujbC_U21/design_1_v_demosaic_0_0_v_demosaic_mul_mujbC_DSP48_3_U/p/P[47:0] is not pipelined (PREG=0). Pipelining the DSP48 output will improve performance and often saves power so it is suggested whenever possible to fully pipeline this function.  If this DSP48 function was inferred, it is suggested to describe an additional register stage after this function.  If the DSP48 was instantiated in the design, it is suggested to set the PREG attribute to 1.
Related violations: <none>

DPOP-3#6 Warning
PREG Output pipelining  
DSP design_1_i/v_demosaic_0/inst/Debayer_U0/DebayerG_U0/v_demosaic_mul_mujbC_U23/design_1_v_demosaic_0_0_v_demosaic_mul_mujbC_DSP48_3_U/p output design_1_i/v_demosaic_0/inst/Debayer_U0/DebayerG_U0/v_demosaic_mul_mujbC_U23/design_1_v_demosaic_0_0_v_demosaic_mul_mujbC_DSP48_3_U/p/P[47:0] is not pipelined (PREG=0). Pipelining the DSP48 output will improve performance and often saves power so it is suggested whenever possible to fully pipeline this function.  If this DSP48 function was inferred, it is suggested to describe an additional register stage after this function.  If the DSP48 was instantiated in the design, it is suggested to set the PREG attribute to 1.
Related violations: <none>

DPOP-4#1 Warning
MREG Output pipelining  
DSP design_1_i/v_demosaic_0/inst/Debayer_U0/DebayerG_U0/add_ln497_1_reg_4431_reg multiplier stage design_1_i/v_demosaic_0/inst/Debayer_U0/DebayerG_U0/add_ln497_1_reg_4431_reg/P[47:0] is not pipelined (MREG=0). Pipelining the multiplier function will improve performance and will save significant power so it is suggested whenever possible to fully pipeline this function.  If this multiplier was inferred, it is suggested to describe an additional register stage after this function.  If there is no registered adder/accumulator following the multiply function, two pipeline stages are suggested to allow both the MREG and PREG registers to be used.  If the DSP48 was instantiated in the design, it is suggested to set both the MREG and PREG attributes to 1 when performing multiply functions.
Related violations: <none>

DPOP-4#2 Warning
MREG Output pipelining  
DSP design_1_i/v_demosaic_0/inst/Debayer_U0/DebayerG_U0/add_ln497_reg_4426_reg multiplier stage design_1_i/v_demosaic_0/inst/Debayer_U0/DebayerG_U0/add_ln497_reg_4426_reg/P[47:0] is not pipelined (MREG=0). Pipelining the multiplier function will improve performance and will save significant power so it is suggested whenever possible to fully pipeline this function.  If this multiplier was inferred, it is suggested to describe an additional register stage after this function.  If there is no registered adder/accumulator following the multiply function, two pipeline stages are suggested to allow both the MREG and PREG registers to be used.  If the DSP48 was instantiated in the design, it is suggested to set both the MREG and PREG attributes to 1 when performing multiply functions.
Related violations: <none>

DPOP-4#3 Warning
MREG Output pipelining  
DSP design_1_i/v_demosaic_0/inst/Debayer_U0/DebayerG_U0/v_demosaic_mul_mug8j_U16/design_1_v_demosaic_0_0_v_demosaic_mul_mug8j_DSP48_0_U/p multiplier stage design_1_i/v_demosaic_0/inst/Debayer_U0/DebayerG_U0/v_demosaic_mul_mug8j_U16/design_1_v_demosaic_0_0_v_demosaic_mul_mug8j_DSP48_0_U/p/P[47:0] is not pipelined (MREG=0). Pipelining the multiplier function will improve performance and will save significant power so it is suggested whenever possible to fully pipeline this function.  If this multiplier was inferred, it is suggested to describe an additional register stage after this function.  If there is no registered adder/accumulator following the multiply function, two pipeline stages are suggested to allow both the MREG and PREG registers to be used.  If the DSP48 was instantiated in the design, it is suggested to set both the MREG and PREG attributes to 1 when performing multiply functions.
Related violations: <none>

DPOP-4#4 Warning
MREG Output pipelining  
DSP design_1_i/v_demosaic_0/inst/Debayer_U0/DebayerG_U0/v_demosaic_mul_mug8j_U19/design_1_v_demosaic_0_0_v_demosaic_mul_mug8j_DSP48_0_U/p multiplier stage design_1_i/v_demosaic_0/inst/Debayer_U0/DebayerG_U0/v_demosaic_mul_mug8j_U19/design_1_v_demosaic_0_0_v_demosaic_mul_mug8j_DSP48_0_U/p/P[47:0] is not pipelined (MREG=0). Pipelining the multiplier function will improve performance and will save significant power so it is suggested whenever possible to fully pipeline this function.  If this multiplier was inferred, it is suggested to describe an additional register stage after this function.  If there is no registered adder/accumulator following the multiply function, two pipeline stages are suggested to allow both the MREG and PREG registers to be used.  If the DSP48 was instantiated in the design, it is suggested to set both the MREG and PREG attributes to 1 when performing multiply functions.
Related violations: <none>

DPOP-4#5 Warning
MREG Output pipelining  
DSP design_1_i/v_demosaic_0/inst/Debayer_U0/DebayerG_U0/v_demosaic_mul_muhbi_U17/design_1_v_demosaic_0_0_v_demosaic_mul_muhbi_DSP48_1_U/p multiplier stage design_1_i/v_demosaic_0/inst/Debayer_U0/DebayerG_U0/v_demosaic_mul_muhbi_U17/design_1_v_demosaic_0_0_v_demosaic_mul_muhbi_DSP48_1_U/p/P[47:0] is not pipelined (MREG=0). Pipelining the multiplier function will improve performance and will save significant power so it is suggested whenever possible to fully pipeline this function.  If this multiplier was inferred, it is suggested to describe an additional register stage after this function.  If there is no registered adder/accumulator following the multiply function, two pipeline stages are suggested to allow both the MREG and PREG registers to be used.  If the DSP48 was instantiated in the design, it is suggested to set both the MREG and PREG attributes to 1 when performing multiply functions.
Related violations: <none>

DPOP-4#6 Warning
MREG Output pipelining  
DSP design_1_i/v_demosaic_0/inst/Debayer_U0/DebayerG_U0/v_demosaic_mul_muhbi_U18/design_1_v_demosaic_0_0_v_demosaic_mul_muhbi_DSP48_1_U/p multiplier stage design_1_i/v_demosaic_0/inst/Debayer_U0/DebayerG_U0/v_demosaic_mul_muhbi_U18/design_1_v_demosaic_0_0_v_demosaic_mul_muhbi_DSP48_1_U/p/P[47:0] is not pipelined (MREG=0). Pipelining the multiplier function will improve performance and will save significant power so it is suggested whenever possible to fully pipeline this function.  If this multiplier was inferred, it is suggested to describe an additional register stage after this function.  If there is no registered adder/accumulator following the multiply function, two pipeline stages are suggested to allow both the MREG and PREG registers to be used.  If the DSP48 was instantiated in the design, it is suggested to set both the MREG and PREG attributes to 1 when performing multiply functions.
Related violations: <none>

DPOP-4#7 Warning
MREG Output pipelining  
DSP design_1_i/v_demosaic_0/inst/Debayer_U0/DebayerG_U0/v_demosaic_mul_mujbC_U21/design_1_v_demosaic_0_0_v_demosaic_mul_mujbC_DSP48_3_U/p multiplier stage design_1_i/v_demosaic_0/inst/Debayer_U0/DebayerG_U0/v_demosaic_mul_mujbC_U21/design_1_v_demosaic_0_0_v_demosaic_mul_mujbC_DSP48_3_U/p/P[47:0] is not pipelined (MREG=0). Pipelining the multiplier function will improve performance and will save significant power so it is suggested whenever possible to fully pipeline this function.  If this multiplier was inferred, it is suggested to describe an additional register stage after this function.  If there is no registered adder/accumulator following the multiply function, two pipeline stages are suggested to allow both the MREG and PREG registers to be used.  If the DSP48 was instantiated in the design, it is suggested to set both the MREG and PREG attributes to 1 when performing multiply functions.
Related violations: <none>

DPOP-4#8 Warning
MREG Output pipelining  
DSP design_1_i/v_demosaic_0/inst/Debayer_U0/DebayerG_U0/v_demosaic_mul_mujbC_U23/design_1_v_demosaic_0_0_v_demosaic_mul_mujbC_DSP48_3_U/p multiplier stage design_1_i/v_demosaic_0/inst/Debayer_U0/DebayerG_U0/v_demosaic_mul_mujbC_U23/design_1_v_demosaic_0_0_v_demosaic_mul_mujbC_DSP48_3_U/p/P[47:0] is not pipelined (MREG=0). Pipelining the multiplier function will improve performance and will save significant power so it is suggested whenever possible to fully pipeline this function.  If this multiplier was inferred, it is suggested to describe an additional register stage after this function.  If there is no registered adder/accumulator following the multiply function, two pipeline stages are suggested to allow both the MREG and PREG registers to be used.  If the DSP48 was instantiated in the design, it is suggested to set both the MREG and PREG attributes to 1 when performing multiply functions.
Related violations: <none>


